case  seed  K   E(engine)   H(header)    E-H   pred   logZ(IS)    ESS  lnK!  ML-loglik       BIC       ICL   it
K2      0  1    -1621.25    -1621.25 -0.000  0.000   -1621.24   2867  0.00   -1617.52    3242.9    3242.9    2
K2      0  2    -1399.45    -1400.45  0.999  1.000   -1398.91    983  0.69   -1379.13    2797.3    2993.6   44
K2      0  3    -1415.83    -1418.81  2.983  2.974   -1410.75     14  1.79   -1376.40    2838.8    3111.2 2277
K2      0  4    -1433.31    -1439.24  5.926  5.878   -1422.98      3  3.18   -1374.84    2898.2    3194.8 2153
      seed 0: dE(K->K+1) [221.8, -16.37, -17.49]  dH [220.8, -18.36, -20.43]  dlogZ [222.33, -11.84, -12.22]
K2      1  1    -1618.03    -1618.03  0.000  0.000   -1618.03   2864  0.00   -1614.36    3236.5    3236.5    2
K2      1  2    -1378.41    -1379.41  0.999  1.000   -1377.84    394  0.69   -1358.33    2755.5    2957.7   46
K2      1  3    -1394.84    -1397.83  2.985  2.976   -1389.64      5  1.79   -1355.89    2797.3    3085.2 2846
K2      1  4    -1412.39    -1418.32  5.932  5.887   -1401.54      2  3.18   -1354.20    2856.1    3332.1 2319
      seed 1: dE(K->K+1) [239.63, -16.43, -17.55]  dH [238.63, -18.42, -20.5]  dlogZ [240.19, -11.8, -11.9]
K2      2  1    -1593.10    -1593.10  0.000  0.000   -1593.10   2863  0.00   -1589.40    3186.6    3186.6    2
K2      2  2    -1395.12    -1396.11  0.999  1.000   -1394.50    754  0.69   -1374.98    2788.9    2953.2   55
K2      2  3    -1414.99    -1417.98  2.991  2.999   -1410.48     11  1.79   -1368.29    2822.3    2962.9 2853
K2      2  4    -1435.53    -1441.48  5.950  5.930   -1426.47     15  3.18   -1364.07    2876.1    3106.7 1870
      seed 2: dE(K->K+1) [197.99, -19.87, -20.54]  dH [196.99, -21.87, -23.5]  dlogZ [198.6, -15.99, -15.99]
K2      3  1    -1588.46    -1588.46  0.000  0.000   -1588.46   2861  0.00   -1584.76    3177.3    3177.3    2
K2      3  2    -1374.59    -1375.59  0.999  1.000   -1374.00    209  0.69   -1354.32    2747.6    2914.6   59
K2      3  3    -1393.85    -1396.85  2.994  2.998   -1389.22     33  1.79   -1351.73    2789.1    2970.5 3000
K2      3  4    -1408.49    -1414.39  5.903  5.839   -1399.31     11  3.18   -1350.13    2848.1    3063.5 2696
      seed 3: dE(K->K+1) [213.87, -19.26, -14.63]  dH [212.87, -21.26, -17.54]  dlogZ [214.46, -15.22, -10.09]
K2      4  1    -1593.01    -1593.01 -0.000  0.000   -1593.01   2859  0.00   -1589.31    3186.4    3186.4    2
K2      4  2    -1402.84    -1403.84  0.999  1.000   -1402.28    745  0.69   -1382.30    2803.5    2952.6   51
K2      4  3    -1419.27    -1422.25  2.979  2.967   -1414.31     10  1.79   -1376.71    2839.0    2990.2 1724
K2      4  4    -1436.51    -1442.42  5.907  5.847   -1427.99     12  3.18   -1374.33    2896.5    3097.9 1808
      seed 4: dE(K->K+1) [190.17, -16.43, -17.24]  dH [189.17, -18.41, -20.17]  dlogZ [190.73, -12.03, -13.67]
K2      5  1    -1603.22    -1603.22  0.000  0.000   -1603.23   2862  0.00   -1599.53    3206.8    3206.8    2
K2      5  2    -1394.80    -1395.80  0.999  1.000   -1394.43    890  0.69   -1374.55    2788.0    2961.1   44
K2      5  3    -1410.94    -1413.93  2.989  2.985   -1406.86     36  1.79   -1372.34    2830.3    3141.4 3000
K2      5  4    -1428.82    -1434.74  5.928  5.875   -1411.87      1  3.18   -1370.32    2888.5    3342.7 3000
      seed 5: dE(K->K+1) [208.42, -16.14, -17.87]  dH [207.42, -18.13, -20.81]  dlogZ [208.79, -12.42, -5.01]
K2      6  1    -1588.00    -1588.00 -0.000  0.000   -1588.00   2863  0.00   -1584.32    3176.4    3176.4    2
K2      6  2    -1386.87    -1387.87  0.999  1.000   -1386.51   1549  0.69   -1366.56    2771.9    2937.3   32
K2      6  3    -1402.78    -1405.76  2.981  2.971   -1397.68     12  1.79   -1362.18    2809.8    3127.8 1832
K2      6  4    -1419.97    -1425.89  5.915  5.858   -1409.97      2  3.18   -1360.25    2868.0    3288.2 1714
      seed 6: dE(K->K+1) [201.13, -15.91, -17.2]  dH [200.13, -17.89, -20.13]  dlogZ [201.48, -11.17, -12.28]
K2      7  1    -1632.58    -1632.58 -0.000  0.000   -1632.58   2861  0.00   -1628.89    3265.6    3265.6    2
K2      7  2    -1431.84    -1432.84  0.999  1.000   -1431.35    837  0.69   -1411.71    2862.4    3038.7   33
K2      7  3    -1448.44    -1451.43  2.982  2.972   -1443.51     22  1.79   -1408.61    2902.9    3269.3 3000
K2      7  4    -1465.96    -1471.88  5.922  5.870   -1457.55     20  3.18   -1405.26    2958.6    3246.7 2465
      seed 7: dE(K->K+1) [200.75, -16.61, -17.51]  dH [199.75, -18.59, -20.45]  dlogZ [201.23, -12.16, -14.04]
K2      8  1    -1619.90    -1619.90 -0.000  0.000   -1619.90   2862  0.00   -1616.20    3240.2    3240.2    2
K2      8  2    -1384.70    -1385.70  0.999  1.000   -1384.30   1094  0.69   -1364.51    2768.0    2947.0   41
K2      8  3    -1400.94    -1403.93  2.983  2.974   -1396.17     12  1.79   -1362.51    2810.7    3002.9 2426
K2      8  4    -1418.29    -1424.21  5.924  5.871   -1408.01      2  3.18   -1359.14    2866.3    3161.5 2208
      seed 8: dE(K->K+1) [235.2, -16.25, -17.34]  dH [234.2, -18.23, -20.29]  dlogZ [235.6, -11.87, -11.84]
K2      9  1    -1622.66    -1622.66 -0.000  0.000   -1622.66   2859  0.00   -1618.98    3245.7    3245.7    2
K2      9  2    -1386.06    -1387.06  0.999  1.000   -1385.42    462  0.69   -1365.93    2770.8    2958.4   47
K2      9  3    -1403.13    -1406.13  2.994  2.998   -1398.64     25  1.79   -1359.18    2803.9    3231.5 1139
K2      9  4    -1423.73    -1429.69  5.955  5.935   -1413.77      3  3.18   -1355.96    2859.7    3266.9 2127
      seed 9: dE(K->K+1) [236.6, -17.07, -20.6]  dH [235.6, -19.06, -23.56]  dlogZ [237.24, -13.21, -15.13]
K2     10  1    -1667.77    -1667.77 -0.000  0.000   -1667.77   2866  0.00   -1664.10    3336.0    3336.0    2
K2     10  2    -1411.93    -1412.93  0.998  1.000   -1411.79   1817  0.69   -1391.38    2821.7    2967.6   20
K2     10  3    -1428.16    -1431.14  2.980  2.967   -1423.11      5  1.79   -1390.09    2865.9    3134.1 3000
K2     10  4    -1445.38    -1451.29  5.903  5.833   -1436.40     10  3.18   -1388.42    2924.9    3192.9  898
      seed 10: dE(K->K+1) [255.84, -16.23, -17.22]  dH [254.85, -18.21, -20.15]  dlogZ [255.98, -11.32, -13.28]
K2     11  1    -1589.20    -1589.20  0.000  0.000   -1589.20   2857  0.00   -1585.52    3178.8    3178.8    2
K2     11  2    -1336.22    -1337.22  0.999  1.000   -1335.86   1164  0.69   -1315.88    2670.6    2811.0   45
K2     11  3    -1353.95    -1356.93  2.989  2.994   -1348.57      5  1.79   -1312.23    2709.9    2966.7 2757
K2     11  4    -1369.85    -1375.77  5.920  5.866   -1358.87      3  3.18   -1308.37    2764.2    3043.1 2056
      seed 11: dE(K->K+1) [252.98, -17.72, -15.91]  dH [251.98, -19.71, -18.84]  dlogZ [253.34, -12.71, -10.3]
K3      0  1    -3357.16    -3357.16  0.000  0.000   -3357.16   2860  0.00   -3353.14    6714.8    6714.8    2
K3      0  2    -2790.38    -2791.37  0.999  1.000   -2789.68    683  0.69   -2768.42    5579.3    5973.0   60
K3      0  3    -2780.17    -2783.17  2.995  2.999   -2777.16     21  1.79   -2730.20    5553.7    6013.6  228
K3      0  4    -2803.05    -2809.02  5.967  5.956   -2795.36      6  3.18   -2728.00    5617.2    6108.9 1821
      seed 0: dE(K->K+1) [566.78, 10.2, -22.87]  dH [565.78, 8.21, -25.85]  dlogZ [567.48, 12.52, -18.2]
K3      1  1    -3269.62    -3269.62 -0.000  0.000   -3269.62   2865  0.00   -3265.62    6539.7    6539.7    2
K3      1  2    -2766.15    -2767.15  0.999  1.000   -2765.52    590  0.69   -2744.15    5530.6    5872.2   54
K3      1  3    -2757.03    -2760.03  2.994  2.999   -2753.98     27  1.79   -2706.69    5506.4    5903.0  205
K3      1  4    -2786.61    -2792.58  5.969  5.995   -2778.87      6  3.18   -2699.34    5559.4    5967.9 1874
      seed 1: dE(K->K+1) [503.47, 9.12, -29.58]  dH [502.47, 7.13, -32.55]  dlogZ [504.11, 11.54, -24.89]
K3      2  1    -3359.08    -3359.08  0.000  0.000   -3359.08   2867  0.00   -3355.06    6718.6    6718.6    2
K3      2  2    -2811.69    -2812.69  0.999  1.000   -2810.87     58  0.69   -2789.64    5621.7    5988.0   53
K3      2  3    -2802.21    -2805.20  2.995  2.999   -2798.34      7  1.79   -2752.66    5598.7    6300.9  198
K3      2  4    -2825.75    -2831.71  5.968  5.954   -2816.78      5  3.18   -2749.20    5659.6    6292.4 2928
      seed 2: dE(K->K+1) [547.39, 9.48, -23.54]  dH [546.39, 7.49, -26.51]  dlogZ [548.21, 12.54, -18.45]
K3      3  1    -3305.90    -3305.90  0.000  0.000   -3305.90   2860  0.00   -3301.89    6612.3    6612.3    2
K3      3  2    -2724.86    -2725.86  0.999  1.000   -2724.40   1076  0.69   -2702.68    5447.7    5735.0   54
K3      3  3    -2722.02    -2725.01  2.993  2.999   -2718.71     33  1.79   -2671.84    5436.8    5892.8  415
K3      3  4    -2745.78    -2751.73  5.955  5.938   -2737.87     14  3.18   -2665.67    5492.2    5868.9 3000
      seed 3: dE(K->K+1) [581.04, 2.84, -23.76]  dH [580.04, 0.85, -26.72]  dlogZ [581.5, 5.69, -19.16]
K3      4  1    -3292.23    -3292.23 -0.000  0.000   -3292.23   2858  0.00   -3288.22    6584.9    6584.9    2
K3      4  2    -2804.73    -2805.73  0.999  1.000   -2804.04    161  0.69   -2782.55    5607.4    5890.0   56
K3      4  3    -2794.94    -2797.94  2.993  2.999   -2791.52     14  1.79   -2744.55    5582.2    6026.5  190
K3      4  4    -2818.62    -2824.57  5.953  5.935   -2810.74      3  3.18   -2738.97    5638.8    6165.3 2323
      seed 4: dE(K->K+1) [487.49, 9.79, -23.68]  dH [486.5, 7.8, -26.64]  dlogZ [488.19, 12.52, -19.22]
K3      5  1    -3331.79    -3331.79  0.000  0.000   -3331.79   2860  0.00   -3327.78    6664.0    6664.0    2
K3      5  2    -2771.80    -2772.80  0.999  1.000   -2770.96     79  0.69   -2749.64    5541.7    5865.7   54
K3      5  3    -2745.85    -2748.85  2.994  2.999   -2742.74     38  1.79   -2695.77    5484.8    6029.9  186
K3      5  4    -2769.54    -2775.50  5.960  5.943   -2760.21      2  3.18   -2691.46    5544.0    6129.6 2517
      seed 5: dE(K->K+1) [559.99, 25.95, -23.68]  dH [558.99, 23.95, -26.65]  dlogZ [560.83, 28.22, -17.47]
K3      6  1    -3314.15    -3314.15  0.000  0.000   -3314.15   2860  0.00   -3310.14    6628.8    6628.8    2
K3      6  2    -2781.74    -2782.74  0.999  1.000   -2781.06    761  0.69   -2759.63    5561.6    5911.2   60
K3      6  3    -2770.97    -2773.96  2.995  2.999   -2767.19      9  1.79   -2721.03    5535.2    6073.6  314
K3      6  4    -2793.05    -2799.01  5.969  5.956   -2784.81      4  3.18   -2717.07    5595.1    6089.9 1813
      seed 6: dE(K->K+1) [532.41, 10.77, -22.08]  dH [531.41, 8.78, -25.05]  dlogZ [533.09, 13.88, -17.62]
K3      7  1    -3356.80    -3356.80  0.000  0.000   -3356.80   2862  0.00   -3352.78    6714.0    6714.0    2
K3      7  2    -2855.69    -2856.69  0.999  1.000   -2855.03    534  0.69   -2833.58    5709.6    6054.1   51
K3      7  3    -2858.45    -2861.44  2.995  2.999   -2854.87     42  1.79   -2808.77    5710.9    6244.0  338
K3      7  4    -2881.66    -2887.63  5.969  5.954   -2873.40      7  3.18   -2804.51    5770.2    6402.0 2045
      seed 7: dE(K->K+1) [501.11, -2.76, -23.22]  dH [500.11, -4.75, -26.19]  dlogZ [501.76, 0.16, -18.53]
K3      8  1    -3332.96    -3332.96 -0.000  0.000   -3332.97   2862  0.00   -3328.95    6666.4    6666.4    2
K3      8  2    -2730.68    -2731.68  0.999  1.000   -2730.18    793  0.69   -2708.48    5459.4    5786.0   44
K3      8  3    -2724.77    -2727.76  2.995  2.999   -2721.05      9  1.79   -2674.93    5443.1    5976.9  349
K3      8  4    -2748.59    -2754.55  5.962  5.945   -2740.01      6  3.18   -2670.58    5502.2    6079.4 2880
      seed 8: dE(K->K+1) [602.28, 5.91, -23.82]  dH [601.28, 3.92, -26.79]  dlogZ [602.78, 9.13, -18.96]
K3      9  1    -3347.06    -3347.06  0.000  0.000   -3347.07   2859  0.00   -3343.05    6694.6    6694.6    2
K3      9  2    -2809.95    -2810.95  0.999  1.000   -2809.27    440  0.69   -2787.82    5618.0    5927.0   62
K3      9  3    -2800.96    -2803.96  2.993  2.999   -2795.25      1  1.79   -2750.86    5595.0    6272.1  137
K3      9  4    -2824.76    -2830.72  5.959  5.946   -2815.15      2  3.18   -2747.92    5657.0    6423.2 3000
      seed 9: dE(K->K+1) [537.12, 8.99, -23.79]  dH [536.12, 6.99, -26.76]  dlogZ [537.8, 14.02, -19.9]
K3     10  1    -3360.89    -3360.89 -0.000  0.000   -3360.89   2871  0.00   -3356.87    6722.2    6722.2    2
K3     10  2    -2758.61    -2759.61  0.999  1.000   -2758.13    993  0.69   -2736.36    5515.2    5825.7   31
K3     10  3    -2743.58    -2746.57  2.994  2.999   -2740.44     37  1.79   -2693.22    5479.8    5929.3  266
K3     10  4    -2767.03    -2772.99  5.957  5.939   -2758.18      5  3.18   -2690.39    5542.1    6062.5 1887
      seed 10: dE(K->K+1) [602.28, 15.03, -23.45]  dH [601.28, 13.04, -26.41]  dlogZ [602.75, 17.69, -17.74]
K3     11  1    -3257.88    -3257.88 -0.000  0.000   -3257.88   2856  0.00   -3253.88    6516.2    6516.2    2
K3     11  2    -2686.45    -2687.45  0.999  1.000   -2685.77    140  0.69   -2664.22    5370.7    5661.4   58
K3     11  3    -2677.66    -2680.65  2.994  2.999   -2674.56     30  1.79   -2627.38    5347.8    5799.1  241
K3     11  4    -2701.07    -2707.03  5.962  5.945   -2687.83      1  3.18   -2623.21    5407.0    5963.8 2937
      seed 11: dE(K->K+1) [571.43, 8.79, -23.41]  dH [570.43, 6.8, -26.38]  dlogZ [572.11, 11.21, -13.27]

true K=2 (12 seeds): correct picks -- E: 12/12, H: 12/12, logZ: 12/12, logZ+lnK!: 12/12, BIC: 12/12, ICL: 12/12
   picks per seed: E=[2, 2, 2, 2, 2, 2, 2, 2, 2, 2, 2, 2]; H=[2, 2, 2, 2, 2, 2, 2, 2, 2, 2, 2, 2]; logZ=[2, 2, 2, 2, 2, 2, 2, 2, 2, 2, 2, 2]; logZ+lnK!=[2, 2, 2, 2, 2, 2, 2, 2, 2, 2, 2, 2]; BIC=[2, 2, 2, 2, 2, 2, 2, 2, 2, 2, 2, 2]; ICL=[2, 2, 2, 2, 2, 2, 2, 2, 2, 2, 2, 2]
   H > logZ+0.05 in 0/48 fits; E > logZ+0.05 in 0/48
   E-H gap: mean 2.477 max 5.955 nat; |gap - K(K-1)/2 prediction| max 0.070
   E-logZ: mean -3.90 [-16.95,0.01]   H-logZ: mean -6.38 [-22.87,0.01]
true K=3 (12 seeds): correct picks -- E: 11/12, H: 11/12, logZ: 12/12, logZ+lnK!: 12/12, BIC: 11/12, ICL: 0/12
   picks per seed: E=[3, 3, 3, 3, 3, 3, 3, 2, 3, 3, 3, 3]; H=[3, 3, 3, 3, 3, 3, 3, 2, 3, 3, 3, 3]; logZ=[3, 3, 3, 3, 3, 3, 3, 3, 3, 3, 3, 3]; logZ+lnK!=[3, 3, 3, 3, 3, 3, 3, 3, 3, 3, 3, 3]; BIC=[3, 3, 3, 3, 3, 3, 3, 2, 3, 3, 3, 3]; ICL=[2, 2, 2, 2, 2, 2, 2, 2, 2, 2, 2, 2]
   H > logZ+0.05 in 0/48 fits; E > logZ+0.05 in 0/48
   E-H gap: mean 2.489 max 5.969 nat; |gap - K(K-1)/2 prediction| max 0.025
   E-logZ: mean -3.27 [-13.24,0.01]   H-logZ: mean -5.76 [-19.20,0.01]

337 s
